B-negative o o B-negative o o o o o o B-pattern o o B-problem o o o 
B-negative B-negative o o o B-negative o o o o o o B-pattern o o B-problem o o o
B-positive o o o B-pattern o o B-problem
B-positive o o o B-pattern o o o B-problem
o o o o o o o o B-pattern
o B-negative I-negative o o o o o o B-pattern
o o B-negative o o o o o o B-pattern
o B-negative I-negative B-pattern o 
o o B-negative B-pattern o
o o o o B-pattern o o B-problem
B-positive o o o B-pattern o o o B-problem o o o 
o o o B-empname o o o o B-weekday o 
B-name o o B-position o o B-workplace
o o o o B-position o o B-workplace
B-empname o B-workplace B-time B-position o
B-empname o B-position I-position o o B-workplace o 
B-position I-position o o B-workplace o 
B-workplace B-time B-position
B-empname o B-position I-position o o B-time o
B-time o B-position I-position
B-positive o o o B-negative B-feeling o o o B-empname o o o
B-positive o o o B-negative B-feeling B-damage o o 
B-positive o o o B-negative B-feeling o o o o o B-damage 
B-positive o o o B-negative B-feeling o o o B-damage
o o o o o B-damage
B-positive o o B-damage o 
B-positive o B-negative B-negative o o B-damage o B-empname
B-positive B-empname o o B-feeling o o o o o o o B-damage
B-positive o B-workplace I-workplace B-position o o o o o o o o B-negative B-feeling
B-positive B-empname o o B-feeling o o o o o o o B-damage
o B-experience o B-number B-time
o B-experience o B-number B-time
o o o o o o B-workplace o B-number B-time
o o o o o o B-workplace o B-time o B-number B-time
o o o o o o B-workplace o B-time o B-number B-time
o o o o o o B-workplace o B-number B-time
B-empname o o o o o o B-number B-time
B-name o o o o o B-number B-time
B-empname o o o o o o B-number B-time
B-empname o o o o o o B-number B-time
B-empname o B-number B-time o o
B-number B-time
B-number B-time
B-number B-time
B-number B-time
B-number B-time
B-number B-time
B-number B-time
B-number B-time
B-number B-time
B-number B-time
o B-sanction B-time o o o B-sanction o B-sanction I-sanction
o B-sanction B-time o o o B-sanction o B-sanction I-sanction
o B-sanction B-time o o o B-number B-time B-sanction
o B-sanction B-time o o o B-number B-time B-sanction
o B-sanction B-time o o o B-number B-time B-sanction
o B-sanction B-time o o o B-number B-time B-sanction
o B-sanction B-time o o o B-number B-time B-sanction
B-sanction o B-problem o B-time
B-positive o o B-reason o 
B-negative B-reason B-reason o o o o o o o o o B-problem I-problem
B-positive o B-reason o o o o o B-problem I-problem
B-name o B-problem o o B-time o I-time B-weekday
B-name o B-problem o o B-time o I-time B-weekday
B-name o B-problem o o B-time o I-time B-weekday
B-name o B-problem o o B-time o I-time B-weekday
B-name o B-problem o o B-time o I-time B-weekday
B-name o B-problem o o B-time o I-time B-weekday
B-name o B-problem o o B-time o I-time B-weekday
B-empname o B-problem B-weekday B-time
B-empname o B-problem B-weekday B-time
B-empname o B-problem B-weekday B-time
B-empname o B-problem B-weekday B-time
B-empname o B-problem B-weekday B-time
B-empname o B-problem B-weekday B-time
B-empname o B-problem B-weekday B-time
B-empname o B-problem B-weekday B-time
B-empname o B-problem B-weekday B-time
B-empname o B-problem B-weekday B-time
B-weekday B-time
B-weekday B-time
B-weekday B-time
B-weekday B-time
B-weekday B-time
B-greeting I-greeting o o o o o o o o B-problem o o B-negative I-problem
B-greeting I-greeting o o o o o o o o B-problem o o o B-negative I-problem
B-greeting I-greeting o o o o o o o B-negative I-negative B-problem I-problem o o B-negative I-problem
o o o o o o o B-negative I-negative B-problem I-problem o o o I-problem I-problem
o o o o o o o B-negative I-negative B-problem I-problem o o o B-negative o B-reason I-reason
B-greeting I-greeting o o o o o o o B-negative I-negative B-problem I-problem o o o B-negative I-problem
o o o o o o o B-negative I-negative B-problem I-problem o o o B-negative I-problem
B-greeting I-greeting o o o o o B-problem o B-negative I-problem
B-greeting I-greeting o o o o o B-problem o o B-negative I-problem
o o o o o B-problem o o B-negative o B-reason I-reason
o o o o o B-problem o o I-problem I-problem
B-greeting I-greeting o o o o o B-problem o o B-negative I-problem
B-greeting I-greeting o o o o o B-problem I-problem B-negative I-problem
B-greeting I-greeting o o o o o B-problem I-problem o B-negative I-problem
o o o o o B-problem I-problem o B-negative o B-reason I-reason
B-greeting I-greeting o o o o o B-problem I-problem o B-negative I-problem
o o o o o B-problem I-problem o B-negative I-problem
B-greeting I-greeting o o o o o B-problem I-problem o
B-greeting I-greeting o o o o o B-problem I-problem o I-problem o
o o o o o B-problem I-problem o o
B-greeting I-greeting o o o o o B-reason B-problem o
B-greeting I-greeting o o o o o B-reason B-problem o I-problem o
B-greeting I-greeting o o o o o B-reason I-problem o o
o o o o o o B-problem o o o B-reason I-reason
B-greeting I-greeting o o o o o o o B-problem o o B-reason I-reason
B-greeting I-greeting o o o o o o B-problem o o B-reason I-reason
B-greeting I-greeting o o o o o B-problem I-problem o o B-reason I-reason
o o o o o B-problem I-problem o B-reason I-reason
B-greeting I-greeting o o o o o B-reason B-problem o
o o o o o B-reason B-problem o
o o o o o B-problem I-problem o
o o o o o B-problem I-problem o
o o o o o B-reason B-problem o
B-greeting I-greeting o o o o o B-reason B-problem o
B-greeting I-greeting o o o o o B-problem I-problem o
B-greeting I-greeting o o o o o B-problem I-problem o
B-greeting I-greeting o o o o o o B-reason B-problem o
o o o o o o B-reason B-problem o
o o o o o o B-problem I-problem o
o o o o o o B-problem I-problem o
o o o o o o B-reason B-problem o
B-greeting I-greeting o o o o o o B-reason B-problem o
B-greeting I-greeting o o o o o o B-problem I-problem o
B-greeting I-greeting o o o o o o B-problem I-problem o
B-greeting I-greeting o o o o o o B-reason B-problem
B-greeting I-greeting o o o o o o B-reason B-problem o I-problem
B-greeting I-greeting o o o o o o B-problem B-problem
B-greeting I-greeting o o o o o o B-problem B-problem o I-problem
B-greeting I-greeting o o o o o o B-problem o o o B-reason I-reason
B-greeting I-greeting o o o o o o o B-problem o o B-reason I-reason
B-greeting I-greeting o o o o o o B-problem o o B-reason I-reason
B-greeting I-greeting o o o o o B-problem I-problem o o B-reason I-reason
B-greeting I-greeting o o o o o B-problem I-problem o B-reason I-reason
B-greeting I-greeting o o o o o B-reason B-problem o
B-greeting I-greeting o o o o o B-reason B-problem o
B-greeting I-greeting o o o o o B-reason B-problem o
B-greeting I-greeting o o o o o B-reason B-problem o
B-greeting I-greeting o o o o o o B-reason B-problem o
B-greeting I-greeting o o o o o o B-reason B-problem o
B-greeting I-greeting o o o o o o B-reason B-problem o
B-greeting I-greeting o o o o o o B-reason B-problem o
B-greeting I-greeting o o o o o o B-reason B-problem o
B-greeting I-greeting o o o o o o B-reason B-problem
B-greeting I-greeting o o o o o o B-reason B-problem o I-problem
B-greeting I-greeting o o o o o o B-reason B-problem o I-problem
o o o B-position o o o B-problem o o o o o o o B-problem o
B-greeting I-greeting o o o o o o o B-problem o o o B-negative B-reason I-reason
o o o B-workplace o o o B-problem o o o o o o o B-problem o
B-positive o o o B-policy o o o B-problem I-problem o o I-problem
B-positive o o o B-policy o o o B-problem I-problem o o I-problem
o o o B-policy o o o B-problem I-problem o o I-problem
o o o B-policy o o
B-positive o o o B-policy o o
B-positive o o o B-policy o o
B-positive o o o B-policy o o
B-positive o o o B-policy o o
B-positive o o o B-policy o o
B-positive o o o B-policy o o o B-problem I-problem o o I-problem
B-positive o o o B-policy o o o B-problem I-problem o o I-problem
B-positive o o o B-policy o o
B-positive o o o B-policy o o
B-positive o o o B-policy o o
B-positive o o o B-policy o o
B-positive o o o B-policy o o o B-problem I-problem o o I-problem
B-positive o o o B-policy o o o B-problem I-problem o o I-problem
B-positive o o o B-policy o o
B-positive o o o B-policy o o
B-positive o o o B-policy o o
B-positive o o o B-policy o o
B-positive o o o B-policy o o
B-positive o o o o o B-policy o o B-problem
B-positive o o o B-problem B-policy
B-positive o o o B-policy o o
B-positive o o o B-policy o o
B-positive o o o B-sanction I-sanction B-number B-time I-time
B-positive o o o B-sanction I-sanction B-number B-time I-time
B-positive o o o B-sanction I-sanction B-number B-time I-time
B-positive o o o B-sanction I-sanction B-time I-time
B-positive o o o B-number B-time B-sanction B-number B-time I-time
B-positive o o o B-time I-time
B-negative o o B-negative o o o B-sanction
B-negative o B-negative I-negative o o o B-sanction
B-positive o o o B-performance I-performance
o o B-sanction I-sanction o B-problem
o o o B-sanction I-sanction o o B-problem o o o B-time
B-positive o o o B-sanction I-sanction o o B-problem o o o B-time
B-positive o o o B-sanction I-sanction o o B-problem
o o o B-number B-time B-sanction o o B-problem
B-positive o o o B-number B-time B-sanction o B-problem I-problem
o o o B-number B-time B-sanction o B-problem I-problem
o o o B-number B-time B-sanction o B-problem
B-negative o o B-negative B-problem o o o o o
B-empname o o o o o B-problem o o 
o o B-empname
o o o B-empname
B-empname o B-position o o B-workplace
B-negative o o o B-negative o B-reason o o o I-reason o B-problem B-negative I-problem
B-positive o o o o B-reason
B-positive o o o o B-reason I-reason
B-positive o o o o B-reason o 
B-positive o o o o o o B-reason
B-negative o o o o o o B-reason o B-reason o 
B-negative o o o o B-negative I-negative o B-time o
B-negative o o o B-negative B-feeling
B-positive o o B-feeling
B-positive o o B-feeling
B-positive o o B-feeling
B-positive o o B-feeling
B-positive o o B-feeling
B-positive o o B-feeling
B-positive o o o B-feeling
B-positive o o o B-feeling
B-positive o o o B-feeling
B-positive o o o B-feeling
B-positive o o o B-feeling
B-positive o o o B-feeling
B-positive o B-feeling o B-problem
B-positive o B-feeling o B-problem
B-positive o B-feeling o B-problem
B-positive o B-feeling o B-problem
B-positive o B-feeling o B-problem
B-positive o B-feeling o B-problem
B-positive o o B-feeling
B-positive o o B-feeling
B-positive o o B-feeling
B-positive o o B-feeling
B-positive o o B-feeling
B-positive o o B-feeling
B-positive o o B-feeling
B-positive o o B-feeling
B-positive o o B-feeling
B-positive o o B-feeling
B-positive o o B-feeling
B-positive o o B-feeling
B-positive o o B-feeling
B-positive o o B-feeling
B-positive o o B-feeling
B-positive o o B-feeling
B-positive o o B-feeling
B-positive o o B-feeling
B-positive o o B-feeling
B-positive o o B-feeling
B-positive o o B-feeling
B-positive o o B-feeling
B-positive o o B-feeling
B-positive o o B-feeling
o o B-reason o
o o o o B-reason o
o o o o B-reason B-reason
o o o o B-reason o 
o o o o o B-reason I-reason
o o o o o B-reason I-reason
o o o o o B-reason
o o o o o B-reason
o o o o B-reason
o o B-reason
o o o B-reason
o o B-reason o 
o o B-reason o 
o o o o o o B-reason I-reason
o o o o o o B-reason I-reason
o o o o o o B-reason I-reason
B-positive o o o o o B-reason
o o o o B-reason o
o o o o o o B-reason I-reason
o o o o o o B-reason I-reason
o o o o o o B-reason I-reason
o o o o B-reason
o o o o B-reason
o o o o B-reason
o o o o B-reason
o o o o o B-reason
o o o o B-reason I-reason
o o o o B-reason o
o o o o o B-reason I-reason
o o o o o B-reason I-reason
o o o o o B-reason
o o o o o B-reason
o o o o B-reason
B-negative B-empname o o o o o o B-time o o o o o o o o o o o o o o 
B-empname o B-problem B-negative I-problem B-number B-time I-time
B-empname o B-negative B-problem I-problem o o o o B-number o
B-empname o B-negative B-problem I-problem o o o o B-number o
B-empname o B-negative B-problem I-problem o o o o B-number o
B-empname o B-problem o B-time I-time
B-empname o B-problem o B-time I-time I-time I-time
B-empname B-problem o o B-time I-time I-time
B-empname o B-problem I-problem
B-empname o B-problem I-problem B-negative B-reason I-reason
B-empname o B-negative B-problem
B-empname B-negative B-problem o B-negative B-reason I-reason
B-empname o B-negative B-problem B-negative I-problem
B-empname o B-negative B-problem B-negative B-reason I-reason
B-empname o o B-problem B-time I-time
B-empname o o B-problem B-time I-time
B-positive B-empname o B-problem B-negative B-reason I-reason
B-positive B-empname o B-problem B-negative I-problem
B-positive B-empname o B-problem B-negative B-reason I-reason
B-positive B-empname o B-problem B-negative I-problem
B-empname o B-problem o o B-time I-time B-negative B-reason I-reason
B-empname o B-problem o o B-time I-time
B-negative B-empname o B-negative B-problem B-negative I-problem
B-negative B-empname o B-negative B-problem B-negative B-reason
B-empname o o B-problem B-time I-time B-negative B-reason
B-empname o B-negative B-problem B-negative B-reason
B-empname B-negative B-problem o B-negative B-reason
B-empname B-negative B-problem o B-negative B-reason
B-empname o B-problem I-problem B-time I-time
B-empname o B-problem I-problem B-time I-time
B-negative o o B-negative o o o o B-empname o o B-problem
B-negative o o B-problem B-negative B-reason I-reason B-number B-time I-time
B-number B-time I-time
B-number B-time I-time
o B-time I-time
B-time B-weekday
B-time B-weekday
B-time B-weekday
B-time B-weekday
B-number B-time I-time
B-time I-time
B-time I-time
B-time o o o B-time
B-time o o o B-number B-time I-time
B-time o o o B-number B-time I-time
B-time o o o B-number B-time I-time
B-time o o o B-number B-time I-time
B-time o o o B-time I-time
B-number B-time I-time o o B-problem
B-goal o I-goal o o o o o o o o o o o B-sanction o B-problem I-problem o o o 
o o o o B-goal o o 
o o o o B-goal o o 
B-goal o o 
B-goal o o 
B-goal o I-goal
B-goal o I-goal o o B-sanction I-sanction
o o o B-performance I-performance
o o o B-performance I-performance
B-negative o o B-performance I-performance
B-negative o o o o 
B-negative o o B-performance
B-positive o o B-performance o I-performance
B-positive o o B-performance o I-performance
B-positive o o B-performance o o o 
B-negative o o B-performance
B-positive o o o o
B-positive o o B-negative o o o 
B-negative o o o o o o o o 
B-empname o o B-performance I-performance
B-empname o o o B-performance I-performance o o B-position I-position
B-negative B-empname B-performance o I-performance o o B-time o I-time 
o o o B-performance I-performance o o o B-problem o 
B-positive o o o B-sanction I-sanction 
B-negative o B-negative I-negative o B-sanction I-sanction
B-positive B-empname o o B-sanction I-sanction
B-positive o o o B-number B-sanction o o B-problem I-problem
B-positive o o o B-number B-sanction I-sanction o o B-problem I-problem
B-positive o o o B-number B-time B-sanction o o B-problem I-problem
B-positive o o o B-number B-time B-sanction o o B-problem I-problem
B-positive o o o B-number B-time B-sanction o o B-problem I-problem
B-positive o o o B-number B-time B-sanction o o B-problem I-problem
B-damage I-damage B-number
B-damage I-damage B-number
B-damage I-damage B-number
B-damage I-damage B-number
B-damage I-damage B-number
B-damage I-damage B-number
B-damage I-damage B-number
B-damage I-damage B-number
B-damage I-damage B-number
B-damage I-damage B-number
B-damage I-damage B-number
B-damage I-damage B-number
B-damage I-damage B-number
B-damage I-damage B-number
B-damage I-damage B-number
B-damage I-damage B-number
B-damage I-damage B-number
B-damage I-damage B-number
B-damage I-damage B-number
B-damage I-damage B-number
B-damage I-damage B-number
B-damage I-damage B-number
B-damage I-damage B-number
B-damage I-damage B-number
o o o B-contract
o o o B-contract
o o o B-contract o
o o o B-contract o
B-empname o o B-contract o
B-empname o o B-contract o
o o o B-contract o 
o o o B-contract o 
B-contract
B-contract
B-negative B-thank
B-negative B-thank
B-negative B-thank
B-negative B-thank
B-negative B-thank
B-negative B-thank
B-negative B-thank
B-negative B-thank
B-positive o o o o o o o B-negative o B-sanction o o o B-reason B-problem
B-negative o B-negative I-negative o o o o o B-negative o B-sanction o o o B-reason B-problem
B-negative o o B-negative o o o o B-negative o B-sanction o o o B-reason B-problem 
B-negative o B-negative I-negative o o o o o o B-reason I-reason o
B-negative o o B-negative o o o o o o B-reason I-reason o
B-positive o o o o o o o o B-reason I-reason o 
B-problem o I-problem I-problem
B-problem
o B-problem
o B-problem o I-problem
B-problem I-problem
B-problem B-time o o B-problem I-problem
B-positive
B-negative
B-positive
B-negative
B-positive
B-negative
B-positive
B-negative
B-positive
B-negative
B-problem I-problem o 
B-positive o o o B-number B-sanction o o B-problem I-problem B-time I-time
B-problem o I-problem
B-problem
B-problem o I-problem o
B-problem o I-problem
B-problem o o I-problem
B-problem o I-problem o I-problem I-problem
B-problem o B-problem I-problem
o B-position I-position I-position
o o B-number B-time B-problem B-time
B-time o I-time
o o B-problem o B-number I-time
o o B-problem o B-number I-time
B-empname o B-number B-time B-problem
o o B-number B-time B-problem
o o B-empname o B-negative B-problem o o I-problem o o B-number o B-weekday
o o o o o o o B-number B-time
o o o B-time B-position o o B-workplace
B-empname o B-negative o B-reason I-reason o o o o o o B-problem
B-weekday
B-weekday
B-weekday
B-weekday
B-weekday
B-weekday
B-weekday
B-problem o I-problem
B-problem I-problem
B-problem I-problem o o o
B-problem o o I-problem I-problem
B-problem o I-problem I-problem I-problem
B-problem o I-problem I-problem I-problem o o B-contract o
B-problem o I-problem I-problem I-problem o o o o B-problem I-problem
B-problem o o B-problem I-problem I-problem
B-problem o o B-problem I-problem I-problem o o o o B-problem I-problem
B-problem o I-problem
B-problem I-problem
B-problem I-problem o o o
B-problem o o I-problem I-problem
B-problem o I-problem I-problem I-problem
B-problem o I-problem I-problem I-problem o o B-contract o
B-problem o I-problem I-problem I-problem o o o o B-problem I-problem
B-problem o o B-problem I-problem I-problem
B-problem o o B-problem I-problem I-problem o o o o B-problem I-problem
B-problem o I-problem
B-problem o I-problem
B-problem o o B-problem o o I-problem o I-problem
B-problem o I-problem o I-problem I-problem
o o B-problem o I-problem I-problem
o o B-problem
B-negative o o B-reason o I-reason
o o B-problem o o I-problem
B-problem o B-time o B-problem o I-problem
o B-reason o I-reason
B-problem I-problem
B-problem o I-problem
B-problem o B-problem I-problem
B-problem o I-problem
B-problem o B-problem I-problem
B-problem I-problem
B-problem
B-problem o o 
o B-problem
o B-problem
B-time B-problem I-problem
B-problem o B-time
o B-problem
B-problem o I-problem o o I-problem
B-problem o B-time
B-problem I-problem
B-problem I-problem
B-problem o B-time
B-problem I-problem
B-problem I-problem
B-problem I-problem o o o B-problem I-problem o B-problem o o o o o o 
o o o o B-problem I-problem o o I-problem o o B-problem o o o o B-problem o o o o o B-problem o I-problem
o B-problem o I-problem I-problem
o o o o B-problem o I-problem violance o o B-problem o
B-problem o o B-problem
B-problem o I-problem
B-problem I-problem
B-problem o I-problem
B-problem I-problem
o o o o B-problem o I-problem o o o o B-problem
o o o o B-problem I-problem o I-problem o o o o o B-problem
eof